<html>
<body>
<pre>
<h1>µVision Build Log</h1>
<h2>Project:</h2>
C:\Users\student\Documents\ShinTiemLee_210905420_ES\LAB4\l4e3.uvproj
Project File Date:  02/22/2023

<h2>Output:</h2>
Build target 'Target 1'
assembling ex3.s...
ex3.s(59): warning: A1581W: Added 2 bytes of padding at address 0x76
linking...
Program Size: Code=148 RO-data=8 RW-data=24 ZI-data=0  
".\l4e3.axf" - 0 Error(s), 1 Warning(s).
</pre>
</body>
</html>

ex3.s(45): error: A1516E: Bad symbol 'up1', not defined or external
ex3.s(58): warning: A1581W: Added 2 bytes of padding at address 0x76
".\l4e3.axf" - 4 Error(s), 1 Warning(s).
Target not created
