ARM Linker, 5.03 [Build 76] [MDK-ARM Lite]

==============================================================================

Section Cross References

    ex3.o(reset) refers to ex3.o(mycode) for Reset_Handler
    ex3.o(mycode) refers to ex3.o(mydata) for sum


==============================================================================

Image Symbol Table

    Local Symbols

    Symbol Name                              Value     Ov Type        Size  Object(Section)

    reset                                    0x00000000   Section        8  ex3.o(reset)
    ex3.s                                    0x00000000   Number         0  ex3.o ABSOLUTE
    mycode                                   0x00000008   Section      148  ex3.o(mycode)
    n1                                       0x00000080   Data           4  ex3.o(mycode)
    n2                                       0x00000084   Data           4  ex3.o(mycode)
    mydata                                   0x10000000   Section       24  ex3.o(mydata)
    sum                                      0x10000000   Data          20  ex3.o(mydata)
    pack                                     0x10000014   Data           4  ex3.o(mydata)

    Global Symbols

    Symbol Name                              Value     Ov Type        Size  Object(Section)

    BuildAttributes$$THM_ISAv4$P$D$K$B$S$PE$A:L22UL41UL21$X:L11$S22US41US21$IEEE1$IW$USESV6$~STKCKD$USESV7$~SHL$OSPACE$EBA8$STANDARDLIB$PRES8$EABIv2 0x00000000   Number         0  anon$$obj.o ABSOLUTE
    __Vectors                                0x00000000   Data           0  ex3.o(reset)
    Reset_Handler                            0x00000009   Thumb Code     0  ex3.o(mycode)



==============================================================================

Memory Map of the image

  Image Entry point : 0x00000009

  Load Region LR_1 (Base: 0x00000000, Size: 0x000000b4, Max: 0xffffffff, ABSOLUTE)

    Execution Region ER_RO (Base: 0x00000000, Size: 0x0000009c, Max: 0xffffffff, ABSOLUTE)

    Base Addr    Size         Type   Attr      Idx    E Section Name        Object

    0x00000000   0x00000008   Data   RO            1    reset               ex3.o
    0x00000008   0x00000094   Code   RO            2  * mycode              ex3.o


    Execution Region ER_RW (Base: 0x10000000, Size: 0x00000018, Max: 0xffffffff, ABSOLUTE)

    Base Addr    Size         Type   Attr      Idx    E Section Name        Object

    0x10000000   0x00000018   Data   RW            3    mydata              ex3.o


    Execution Region ER_ZI (Base: 0x10000018, Size: 0x00000000, Max: 0xffffffff, ABSOLUTE)

    **** No section assigned to this execution region ****


==============================================================================

Image component sizes


      Code (inc. data)   RO Data    RW Data    ZI Data      Debug   Object Name

       148         30          8         24          0        248   ex3.o

    ----------------------------------------------------------------------
       148         30          8         24          0        248   Object Totals
         0          0          0          0          0          0   (incl. Generated)
         0          0          0          0          0          0   (incl. Padding)

    ----------------------------------------------------------------------
         0          0          0          0          0          0   Library Totals
         0          0          0          0          0          0   (incl. Padding)

    ----------------------------------------------------------------------

==============================================================================


      Code (inc. data)   RO Data    RW Data    ZI Data      Debug   

       148         30          8         24          0        248   Grand Totals
       148         30          8         24          0        248   ELF Image Totals
       148         30          8         24          0          0   ROM Totals

==============================================================================

    Total RO  Size (Code + RO Data)                  156 (   0.15kB)
    Total RW  Size (RW Data + ZI Data)                24 (   0.02kB)
    Total ROM Size (Code + RO Data + RW Data)        180 (   0.18kB)

==============================================================================

