


ARM Macro Assembler    Page 1 


    1 00000000                 area             reset, data, readonly
    2 00000000                 export           __Vectors
    3 00000000         __Vectors
    4 00000000 10001000        dcd              0x10001000  ; stack pointer val
                                                            ue when stack is em
                                                            pty
    5 00000004 00000000        dcd              Reset_Handler ; reset vector
    6 00000008                 align
    7 00000008                 area             mycode, code, readonly
    8 00000000 00000001 
              00000002 
              FFFFFFFF 
              FFFFFFFF n1      dcd              1,2,0xffffffff,0xffffffff
    9 00000010 00000001 
              00000002 
              00000003 
              00000004 n2      dcd              1,2,3,4
   10 00000020                 entry
   11 00000020                 export           Reset_Handler
   12 00000020         Reset_Handler
   13 00000020 4805            ldr              r0,=dst
   14 00000022 4906            ldr              r1,=src
   15 00000024 F851 3B04       ldr              r3,[r1],#4
   16 00000028 680C            ldr              r4,[r1]
   17 0000002A 1B1B            subs             r3,r4
   18 0000002C 6003            str              r3,[r0]
   19 0000002E         
   20 0000002E         stop
   21 0000002E E7FE            b                stop
   22 00000030 00000041 
              00000037 src     dcd              65,55
   23 00000038 00000000 
              00000000         area             mydata, data, readwrite
   24 00000000 00000000 
                       dst     dcd              0           ;dst location in da
                                                            ta memory
   25 00000004                 end
Command Line: --debug --xref --cpu=Cortex-M3 --apcs=interwork --depend=.\ex3.d 
-o.\ex3.o -IC:\Keil\ARM\RV31\INC -IC:\Keil\ARM\CMSIS\Include -IC:\Keil\ARM\Inc\
NXP\LPC17xx --predefine="__EVAL SETA 1" --list=.\ex3.lst ex3.s



ARM Macro Assembler    Page 1 Alphabetic symbol ordering
Relocatable symbols

__Vectors 00000000

Symbol: __Vectors
   Definitions
      At line 3 in file ex3.s
   Uses
      At line 2 in file ex3.s
Comment: __Vectors used once
reset 00000000

Symbol: reset
   Definitions
      At line 1 in file ex3.s
   Uses
      None
Comment: reset unused
2 symbols



ARM Macro Assembler    Page 1 Alphabetic symbol ordering
Relocatable symbols

Reset_Handler 00000020

Symbol: Reset_Handler
   Definitions
      At line 12 in file ex3.s
   Uses
      At line 5 in file ex3.s
      At line 11 in file ex3.s

mycode 00000000

Symbol: mycode
   Definitions
      At line 7 in file ex3.s
   Uses
      None
Comment: mycode unused
n1 00000000

Symbol: n1
   Definitions
      At line 8 in file ex3.s
   Uses
      None
Comment: n1 unused
n2 00000010

Symbol: n2
   Definitions
      At line 9 in file ex3.s
   Uses
      None
Comment: n2 unused
src 00000030

Symbol: src
   Definitions
      At line 22 in file ex3.s
   Uses
      At line 14 in file ex3.s
Comment: src used once
stop 0000002E

Symbol: stop
   Definitions
      At line 20 in file ex3.s
   Uses
      At line 21 in file ex3.s
Comment: stop used once
6 symbols



ARM Macro Assembler    Page 1 Alphabetic symbol ordering
Relocatable symbols

dst 00000000

Symbol: dst
   Definitions
      At line 24 in file ex3.s
   Uses
      At line 13 in file ex3.s
Comment: dst used once
mydata 00000000

Symbol: mydata
   Definitions
      At line 23 in file ex3.s
   Uses
      None
Comment: mydata unused
2 symbols
343 symbols in table
