ARM Linker, 5.03 [Build 76] [MDK-ARM Lite]

==============================================================================

Section Cross References

    ex4.o(reset) refers to ex4.o(mycode) for Reset_Handler
    ex4.o(mycode) refers to ex4.o(mydata) for dst


==============================================================================

Image Symbol Table

    Local Symbols

    Symbol Name                              Value     Ov Type        Size  Object(Section)

    reset                                    0x00000000   Section        8  ex4.o(reset)
    ex4.s                                    0x00000000   Number         0  ex4.o ABSOLUTE
    mycode                                   0x00000008   Section      136  ex4.o(mycode)
    n1                                       0x00000064   Data          16  ex4.o(mycode)
    n2                                       0x00000074   Data          16  ex4.o(mycode)
    mydata                                   0x10000000   Section        4  ex4.o(mydata)
    dst                                      0x10000000   Data           4  ex4.o(mydata)

    Global Symbols

    Symbol Name                              Value     Ov Type        Size  Object(Section)

    BuildAttributes$$THM_ISAv4$P$D$K$B$S$PE$A:L22UL41UL21$X:L11$S22US41US21$IEEE1$IW$USESV6$~STKCKD$USESV7$~SHL$OSPACE$EBA8$STANDARDLIB$PRES8$EABIv2 0x00000000   Number         0  anon$$obj.o ABSOLUTE
    __Vectors                                0x00000000   Data           0  ex4.o(reset)
    Reset_Handler                            0x00000009   Thumb Code     0  ex4.o(mycode)



==============================================================================

Memory Map of the image

  Image Entry point : 0x00000009

  Load Region LR_1 (Base: 0x00000000, Size: 0x00000094, Max: 0xffffffff, ABSOLUTE)

    Execution Region ER_RO (Base: 0x00000000, Size: 0x00000090, Max: 0xffffffff, ABSOLUTE)

    Base Addr    Size         Type   Attr      Idx    E Section Name        Object

    0x00000000   0x00000008   Data   RO            1    reset               ex4.o
    0x00000008   0x00000088   Code   RO            2  * mycode              ex4.o


    Execution Region ER_RW (Base: 0x10000000, Size: 0x00000004, Max: 0xffffffff, ABSOLUTE)

    Base Addr    Size         Type   Attr      Idx    E Section Name        Object

    0x10000000   0x00000004   Data   RW            3    mydata              ex4.o


    Execution Region ER_ZI (Base: 0x10000004, Size: 0x00000000, Max: 0xffffffff, ABSOLUTE)

    **** No section assigned to this execution region ****


==============================================================================

Image component sizes


      Code (inc. data)   RO Data    RW Data    ZI Data      Debug   Object Name

       136         44          8          4          0        232   ex4.o

    ----------------------------------------------------------------------
       136         44          8          4          0        232   Object Totals
         0          0          0          0          0          0   (incl. Generated)
         0          0          0          0          0          0   (incl. Padding)

    ----------------------------------------------------------------------
         0          0          0          0          0          0   Library Totals
         0          0          0          0          0          0   (incl. Padding)

    ----------------------------------------------------------------------

==============================================================================


      Code (inc. data)   RO Data    RW Data    ZI Data      Debug   

       136         44          8          4          0        232   Grand Totals
       136         44          8          4          0        232   ELF Image Totals
       136         44          8          4          0          0   ROM Totals

==============================================================================

    Total RO  Size (Code + RO Data)                  144 (   0.14kB)
    Total RW  Size (RW Data + ZI Data)                 4 (   0.00kB)
    Total ROM Size (Code + RO Data + RW Data)        148 (   0.14kB)

==============================================================================

