


ARM Macro Assembler    Page 1 


    1 00000000                 AREA             RESET, DATA, READONLY
    2 00000000                 EXPORT           __Vectors
    3 00000000         __Vectors
    4 00000000 10001000        DCD              0x10001000  ; stack pointer val
                                                            ue when stack is em
                                                            pty
    5 00000004 00000000        DCD              Reset_Handler ; reset vector
    6 00000008                 ALIGN
    7 00000008                 AREA             mycode, CODE, READONLY
    8 00000000 00000001 
              00000002 
              00000003 
              00000004 
              00000005 
              00000006 
              00000007 
              00000008 
              00000009 
              0000000A code_val
                               dcd              1,2,3,4,5,6,7,8,9,10
    9 00000028                 ENTRY
   10 00000028                 EXPORT           Reset_Handler
   11 00000028         Reset_Handler
   12 00000028 F04F 000A       mov              r0,#10
   13 0000002C 4904            ldr              r1,=code_val
   14 0000002E 4A05            ldr              r2,=dst
   15 00000030         loop
   16 00000030 F851 3B04       ldr              r3,[r1],#4
   17 00000034 6013            str              r3,[r2]
   18 00000036 F102 0204       add              r2,#4
   19 0000003A 3801            subs             r0,#1
   20 0000003C D1F8            bne              loop
   21 0000003E         stop
   22 0000003E E7FE            b                stop
   23 00000040         
   24 00000040         
   25 00000040         ;SRC DCD 8 ;SRC location in code memory
   26 00000040 00000000 
              00000000         AREA             mydata, DATA, READWRITE
   27 00000000 00000000 
                       dst     DCD              0           ;DST location in da
                                                            ta memory
   28 00000004                 END
Command Line: --debug --xref --cpu=Cortex-M3 --apcs=interwork --depend=.\ex3.d 
-o.\ex3.o -IC:\Keil\ARM\RV31\INC -IC:\Keil\ARM\CMSIS\Include -IC:\Keil\ARM\Inc\
NXP\LPC17xx --predefine="__EVAL SETA 1" --list=.\ex3.lst ex3.s



ARM Macro Assembler    Page 1 Alphabetic symbol ordering
Relocatable symbols

RESET 00000000

Symbol: RESET
   Definitions
      At line 1 in file ex3.s
   Uses
      None
Comment: RESET unused
__Vectors 00000000

Symbol: __Vectors
   Definitions
      At line 3 in file ex3.s
   Uses
      At line 2 in file ex3.s
Comment: __Vectors used once
2 symbols



ARM Macro Assembler    Page 1 Alphabetic symbol ordering
Relocatable symbols

Reset_Handler 00000028

Symbol: Reset_Handler
   Definitions
      At line 11 in file ex3.s
   Uses
      At line 5 in file ex3.s
      At line 10 in file ex3.s

code_val 00000000

Symbol: code_val
   Definitions
      At line 8 in file ex3.s
   Uses
      At line 13 in file ex3.s
Comment: code_val used once
loop 00000030

Symbol: loop
   Definitions
      At line 15 in file ex3.s
   Uses
      At line 20 in file ex3.s
Comment: loop used once
mycode 00000000

Symbol: mycode
   Definitions
      At line 7 in file ex3.s
   Uses
      None
Comment: mycode unused
stop 0000003E

Symbol: stop
   Definitions
      At line 21 in file ex3.s
   Uses
      At line 22 in file ex3.s
Comment: stop used once
5 symbols



ARM Macro Assembler    Page 1 Alphabetic symbol ordering
Relocatable symbols

dst 00000000

Symbol: dst
   Definitions
      At line 27 in file ex3.s
   Uses
      At line 14 in file ex3.s
Comment: dst used once
mydata 00000000

Symbol: mydata
   Definitions
      At line 26 in file ex3.s
   Uses
      None
Comment: mydata unused
2 symbols
342 symbols in table
