<html>
<body>
<pre>
<h1>µVision Build Log</h1>
<h2>Project:</h2>
C:\Users\student\Documents\ShinTiemLee_210905420_ES\l1e1.uvproj
Project File Date:  02/01/2023

<h2>Output:</h2>
Build target 'Target 1'
linking...
Program Size: Code=20 RO-data=8 RW-data=8 ZI-data=0  
".\l1e1.axf" - 0 Error(s), 0 Warning(s).
</pre>
</body>
</html>
W-data=4 ZI-data=0  
".\l1e1.axf" - 0 Error(s), 1 Warning(s).
assembling EX2.s...
EX2.s(17): warning: A1581W: Added 2 bytes of padding at address 0xa
"EX2.s" - 0 Error(s), 1 Warning(s).
